Archive member included to satisfy reference by file (symbol)

c:/program files (x86)/atmel/studio/7.0/toolchain/avr8/avr8-gnu-toolchain/bin/../lib/gcc/avr/5.4.0/../../../../avr/lib/avr51\libm.a(addsf3.o)
                              drivers/devices/sensors/bmp280/src/bmp280.o (__subsf3)
c:/program files (x86)/atmel/studio/7.0/toolchain/avr8/avr8-gnu-toolchain/bin/../lib/gcc/avr/5.4.0/../../../../avr/lib/avr51\libm.a(addsf3x.o)
                              c:/program files (x86)/atmel/studio/7.0/toolchain/avr8/avr8-gnu-toolchain/bin/../lib/gcc/avr/5.4.0/../../../../avr/lib/avr51\libm.a(addsf3.o) (__addsf3x)
c:/program files (x86)/atmel/studio/7.0/toolchain/avr8/avr8-gnu-toolchain/bin/../lib/gcc/avr/5.4.0/../../../../avr/lib/avr51\libm.a(cmpsf2.o)
                              drivers/devices/sensors/dht11/src/DHT.o (__ltsf2)
c:/program files (x86)/atmel/studio/7.0/toolchain/avr8/avr8-gnu-toolchain/bin/../lib/gcc/avr/5.4.0/../../../../avr/lib/avr51\libm.a(divsf3.o)
                              drivers/devices/sensors/bmp280/src/bmp280.o (__divsf3)
c:/program files (x86)/atmel/studio/7.0/toolchain/avr8/avr8-gnu-toolchain/bin/../lib/gcc/avr/5.4.0/../../../../avr/lib/avr51\libm.a(divsf3x.o)
                              c:/program files (x86)/atmel/studio/7.0/toolchain/avr8/avr8-gnu-toolchain/bin/../lib/gcc/avr/5.4.0/../../../../avr/lib/avr51\libm.a(divsf3.o) (__divsf3x)
c:/program files (x86)/atmel/studio/7.0/toolchain/avr8/avr8-gnu-toolchain/bin/../lib/gcc/avr/5.4.0/../../../../avr/lib/avr51\libm.a(fixsfsi.o)
                              drivers/devices/sensors/adxl345/src/adxl345.o (__fixsfsi)
c:/program files (x86)/atmel/studio/7.0/toolchain/avr8/avr8-gnu-toolchain/bin/../lib/gcc/avr/5.4.0/../../../../avr/lib/avr51\libm.a(fixunssfsi.o)
                              c:/program files (x86)/atmel/studio/7.0/toolchain/avr8/avr8-gnu-toolchain/bin/../lib/gcc/avr/5.4.0/../../../../avr/lib/avr51\libm.a(fixsfsi.o) (__fixunssfsi)
c:/program files (x86)/atmel/studio/7.0/toolchain/avr8/avr8-gnu-toolchain/bin/../lib/gcc/avr/5.4.0/../../../../avr/lib/avr51\libm.a(floatsisf.o)
                              drivers/devices/sensors/bmp280/src/bmp280.o (__floatunsisf)
c:/program files (x86)/atmel/studio/7.0/toolchain/avr8/avr8-gnu-toolchain/bin/../lib/gcc/avr/5.4.0/../../../../avr/lib/avr51\libm.a(fp_cmp.o)
                              c:/program files (x86)/atmel/studio/7.0/toolchain/avr8/avr8-gnu-toolchain/bin/../lib/gcc/avr/5.4.0/../../../../avr/lib/avr51\libm.a(cmpsf2.o) (__fp_cmp)
c:/program files (x86)/atmel/studio/7.0/toolchain/avr8/avr8-gnu-toolchain/bin/../lib/gcc/avr/5.4.0/../../../../avr/lib/avr51\libm.a(fp_inf.o)
                              c:/program files (x86)/atmel/studio/7.0/toolchain/avr8/avr8-gnu-toolchain/bin/../lib/gcc/avr/5.4.0/../../../../avr/lib/avr51\libm.a(addsf3x.o) (__fp_inf)
c:/program files (x86)/atmel/studio/7.0/toolchain/avr8/avr8-gnu-toolchain/bin/../lib/gcc/avr/5.4.0/../../../../avr/lib/avr51\libm.a(fp_nan.o)
                              c:/program files (x86)/atmel/studio/7.0/toolchain/avr8/avr8-gnu-toolchain/bin/../lib/gcc/avr/5.4.0/../../../../avr/lib/avr51\libm.a(addsf3x.o) (__fp_nan)
c:/program files (x86)/atmel/studio/7.0/toolchain/avr8/avr8-gnu-toolchain/bin/../lib/gcc/avr/5.4.0/../../../../avr/lib/avr51\libm.a(fp_pscA.o)
                              c:/program files (x86)/atmel/studio/7.0/toolchain/avr8/avr8-gnu-toolchain/bin/../lib/gcc/avr/5.4.0/../../../../avr/lib/avr51\libm.a(addsf3x.o) (__fp_pscA)
c:/program files (x86)/atmel/studio/7.0/toolchain/avr8/avr8-gnu-toolchain/bin/../lib/gcc/avr/5.4.0/../../../../avr/lib/avr51\libm.a(fp_pscB.o)
                              c:/program files (x86)/atmel/studio/7.0/toolchain/avr8/avr8-gnu-toolchain/bin/../lib/gcc/avr/5.4.0/../../../../avr/lib/avr51\libm.a(addsf3x.o) (__fp_pscB)
c:/program files (x86)/atmel/studio/7.0/toolchain/avr8/avr8-gnu-toolchain/bin/../lib/gcc/avr/5.4.0/../../../../avr/lib/avr51\libm.a(fp_round.o)
                              c:/program files (x86)/atmel/studio/7.0/toolchain/avr8/avr8-gnu-toolchain/bin/../lib/gcc/avr/5.4.0/../../../../avr/lib/avr51\libm.a(addsf3.o) (__fp_round)
c:/program files (x86)/atmel/studio/7.0/toolchain/avr8/avr8-gnu-toolchain/bin/../lib/gcc/avr/5.4.0/../../../../avr/lib/avr51\libm.a(fp_split3.o)
                              c:/program files (x86)/atmel/studio/7.0/toolchain/avr8/avr8-gnu-toolchain/bin/../lib/gcc/avr/5.4.0/../../../../avr/lib/avr51\libm.a(addsf3x.o) (__fp_split3)
c:/program files (x86)/atmel/studio/7.0/toolchain/avr8/avr8-gnu-toolchain/bin/../lib/gcc/avr/5.4.0/../../../../avr/lib/avr51\libm.a(fp_zero.o)
                              c:/program files (x86)/atmel/studio/7.0/toolchain/avr8/avr8-gnu-toolchain/bin/../lib/gcc/avr/5.4.0/../../../../avr/lib/avr51\libm.a(addsf3x.o) (__fp_zero)
c:/program files (x86)/atmel/studio/7.0/toolchain/avr8/avr8-gnu-toolchain/bin/../lib/gcc/avr/5.4.0/../../../../avr/lib/avr51\libm.a(gesf2.o)
[...]
Memory Configuration

Name             Origin             Length             Attributes
text             0x00000000         0x00020000         xr
data             0x00800100         0x00001000         rw !x
eeprom           0x00810000         0x00001000         rw !x
fuse             0x00820000         0x00000003         rw !x
lock             0x00830000         0x00000400         rw !x
signature        0x00840000         0x00000400         rw !x
user_signatures  0x00850000         0x00000400         rw !x
*default*        0x00000000         0xffffffff

Linker script and memory map

Address of section .data set to 0x800100
LOAD c:/program files (x86)/atmel/studio/7.0/toolchain/avr8/avr8-gnu-toolchain/bin/../lib/gcc/avr/5.4.0/../../../../avr/lib/avr51/crtatmega128.o
LOAD drivers/devices/radio/src/nRF.o
LOAD drivers/devices/sensors/adxl345/src/adxl345.o
LOAD drivers/devices/sensors/bmp280/src/bmp280.o
LOAD drivers/devices/sensors/dht11/src/DHT.o
LOAD drivers/devices/sensors/ds18b20/src/ds18b20.o
LOAD drivers/interfaces/src/adc.o
LOAD drivers/interfaces/src/spi.o
LOAD drivers/interfaces/src/twi.o
LOAD drivers/interfaces/src/uart.o
LOAD boot/src/boot.o
LOAD kernel/src/commands.o
LOAD kernel/src/debug.o
LOAD kernel/src/hal.o
LOAD kernel/src/init.o
LOAD kernel/src/kernel.o
LOAD kernel/src/sdcard.o
LOAD kernel/src/timers.o
LOAD kernel/src/utils.o
LOAD kernel/src/watchdog.o
LOAD main.o
LOAD pff3a/diskio.o
LOAD pff3a/pff.o
START GROUP
LOAD c:/program files (x86)/atmel/studio/7.0/toolchain/avr8/avr8-gnu-toolchain/bin/../lib/gcc/avr/5.4.0/../../../../avr/lib/avr51\libm.a
END GROUP
LOAD c:/program files (x86)/atmel/studio/7.0/toolchain/avr8/avr8-gnu-toolchain/bin/../lib/gcc/avr/5.4.0/../../../../avr/lib/avr51\libprintf_flt.a
LOAD c:/program files (x86)/atmel/studio/7.0/toolchain/avr8/avr8-gnu-toolchain/bin/../lib/gcc/avr/5.4.0/../../../../avr/lib/avr51\libm.a
START GROUP
LOAD c:/program files (x86)/atmel/studio/7.0/toolchain/avr8/avr8-gnu-toolchain/bin/../lib/gcc/avr/5.4.0/avr51\libgcc.a
LOAD c:/program files (x86)/atmel/studio/7.0/toolchain/avr8/avr8-gnu-toolchain/bin/../lib/gcc/avr/5.4.0/../../../../avr/lib/avr51\libm.a
LOAD c:/program files (x86)/atmel/studio/7.0/toolchain/avr8/avr8-gnu-toolchain/bin/../lib/gcc/avr/5.4.0/../../../../avr/lib/avr51\libc.a
LOAD c:/program files (x86)/atmel/studio/7.0/toolchain/avr8/avr8-gnu-toolchain/bin/../lib/gcc/avr/5.4.0/../../../../avr/lib/avr51\libatmega128.a
END GROUP
                0x00000000                __TEXT_REGION_ORIGIN__ = DEFINED (__TEXT_REGION_ORIGIN__)?__TEXT_REGION_ORIGIN__:0x0
                [0x00800100]                __DATA_REGION_ORIGIN__ = DEFINED (__DATA_REGION_ORIGIN__)?__DATA_REGION_ORIGIN__:0x800100
                [0x00020000]                __TEXT_REGION_LENGTH__ = DEFINED (__TEXT_REGION_LENGTH__)?__TEXT_REGION_LENGTH__:0x20000
                [0x00001000]                __DATA_REGION_LENGTH__ = DEFINED (__DATA_REGION_LENGTH__)?__DATA_REGION_LENGTH__:0xff00
                [0x00001000]                __EEPROM_REGION_LENGTH__ = DEFINED (__EEPROM_REGION_LENGTH__)?__EEPROM_REGION_LENGTH__:0x10000
                [0x00000003]                __FUSE_REGION_LENGTH__ = DEFINED (__FUSE_REGION_LENGTH__)?__FUSE_REGION_LENGTH__:0x400
                0x00000400                __LOCK_REGION_LENGTH__ = DEFINED (__LOCK_REGION_LENGTH__)?__LOCK_REGION_LENGTH__:0x400
                0x00000400                __SIGNATURE_REGION_LENGTH__ = DEFINED (__SIGNATURE_REGION_LENGTH__)?__SIGNATURE_REGION_LENGTH__:0x400
                0x00000400                __USER_SIGNATURE_REGION_LENGTH__ = DEFINED (__USER_SIGNATURE_REGION_LENGTH__)?__USER_SIGNATURE_REGION_LENGTH__:0x400

.hash
 *(.hash)

.dynsym
 *(.dynsym)

.dynstr
 *(.dynstr)

.gnu.version
 *(.gnu.version)

.gnu.version_d
 *(.gnu.version_d)

.gnu.version_r
 *(.gnu.version_r)

.rel.init
 *(.rel.init)

.rela.init
 *(.rela.init)

.rel.text
 *(.rel.text)
 *(.rel.text.*)
 *(.rel.gnu.linkonce.t*)

.rela.text
 *(.rela.text)
 *(.rela.text.*)
 *(.rela.gnu.linkonce.t*)

.rel.fini
 *(.rel.fini)

.rela.fini
 *(.rela.fini)

.rel.rodata
 *(.rel.rodata)
 *(.rel.rodata.*)
 *(.rel.gnu.linkonce.r*)

.rela.rodata
 *(.rela.rodata)
 *(.rela.rodata.*)
 *(.rela.gnu.linkonce.r*)

.rel.data
 *(.rel.data)
 *(.rel.data.*)
 *(.rel.gnu.linkonce.d*)

.rela.data
 *(.rela.data)
 *(.rela.data.*)
 *(.rela.gnu.linkonce.d*)

.rel.ctors
 *(.rel.ctors)

.rela.ctors
 *(.rela.ctors)

.rel.dtors
 *(.rel.dtors)

.rela.dtors
 *(.rela.dtors)

.rel.got
 *(.rel.got)

.rela.got
 *(.rela.got)

.rel.bss
 *(.rel.bss)

.rela.bss
 *(.rela.bss)

.rel.plt
 *(.rel.plt)

.rela.plt
 *(.rela.plt)

.text           0x00000000     0x613e
 *(.vectors)
 .vectors       0x00000000       0x8c c:/program files (x86)/atmel/studio/7.0/toolchain/avr8/avr8-gnu-toolchain/bin/../lib/gcc/avr/5.4.0/../../../../avr/lib/avr51/crtatmega128.o
                0x00000000                __vector_default
                0x00000000                __vectors
 *(.vectors)
 *(.progmem.gcc*)
                0x0000008c                . = ALIGN (0x2)
                0x0000008c                __trampolines_start = .
 *(.trampolines)
 .trampolines   0x0000008c        0x0 linker stubs
 *(.trampolines*)
                0x0000008c                __trampolines_end = .
 *libprintf_flt.a:*(.progmem.data)
 .progmem.data  0x0000008c        0x8 c:/program files (x86)/atmel/studio/7.0/toolchain/avr8/avr8-gnu-toolchain/bin/../lib/gcc/avr/5.4.0/../../../../avr/lib/avr51\libprintf_flt.a(vfprintf_flt.o)
 *libc.a:*(.progmem.data)
 .progmem.data  0x00000094       0xfa c:/program files (x86)/atmel/studio/7.0/toolchain/avr8/avr8-gnu-toolchain/bin/../lib/gcc/avr/5.4.0/../../../../avr/lib/avr51\libc.a(ftoa_engine.o)
 .progmem.data  0x0000018e        0xc c:/program files (x86)/atmel/studio/7.0/toolchain/avr8/avr8-gnu-toolchain/bin/../lib/gcc/avr/5.4.0/../../../../avr/lib/avr51\libc.a(vfscanf_std.o)
 *(.progmem*)
 .progmem.data.__c.2673
                0x0000019a       0x1a drivers/interfaces/src/spi.o
 .progmem.data.__c.2665
                0x000001b4       0x1a drivers/interfaces/src/spi.o
 .progmem.data.__c.2630
                0x000001ce       0x1a drivers/interfaces/src/spi.o
 .progmem.data.__c.2625
                0x000001e8       0x1a drivers/interfaces/src/spi.o
 .progmem.data.__c.2614
                0x00000202       0x1a drivers/interfaces/src/spi.o
 .progmem.data.__c.2609
                0x0000021c       0x1a drivers/interfaces/src/spi.o
 .progmem.data.__c.2614
                0x00000236       0x11 kernel/src/commands.o
 .progmem.data.__c.2612
                0x00000247       0x19 kernel/src/commands.o
 .progmem.data.__c.2607
                0x00000260       0x11 kernel/src/commands.o
 .progmem.data.__c.2604
                0x00000271        0x3 kernel/src/commands.o
 .progmem.data.__c.2602
                0x00000274       0x11 kernel/src/commands.o
 .progmem.data.__c.2600
                0x00000285       0x17 kernel/src/commands.o
 .progmem.data.__c.2666
                0x0000029c       0x1b kernel/src/commands.o
 .progmem.data.__c.2663
                0x000002b7        0xf kernel/src/commands.o
 .progmem.data.__c.2661
                0x000002c6       0x2e kernel/src/commands.o
 .progmem.data.__c.2658
                0x000002f4        0xf kernel/src/commands.o
 .progmem.data.__c.2656
                0x00000303       0x2e kernel/src/commands.o
 .progmem.data.__c.2652
                0x00000331       0x2a kernel/src/commands.o
 .progmem.data.__c.2650
                0x0000035b        0xf kernel/src/commands.o
 .progmem.data.__c.2648
                0x0000036a       0x25 kernel/src/commands.o
 .progmem.data.__c.2646
                0x0000038f       0x1b kernel/src/commands.o
 .progmem.data.__c.2644
                0x000003aa       0x1d kernel/src/commands.o
 .progmem.data.__c.2642
                0x000003c7       0x2b kernel/src/commands.o
 .progmem.data.__c.2639
                0x000003f2       0x1c kernel/src/commands.o
 .progmem.data.__c.2697
                0x0000040e       0x1b kernel/src/commands.o
 .progmem.data.__c.2694
                0x00000429       0x1e kernel/src/commands.o
 .progmem.data.__c.2692
                0x00000447       0x1f kernel/src/commands.o
 .progmem.data.__c.2688
                0x00000466       0x2a kernel/src/commands.o
 .progmem.data.__c.2686
                0x00000490       0x3e kernel/src/commands.o
 .progmem.data.__c.2684
                0x000004ce       0x1e kernel/src/commands.o
 .progmem.data.__c.2682
                0x000004ec       0x1d kernel/src/commands.o
 .progmem.data.__c.2679
                0x00000509       0x1c kernel/src/commands.o
 .progmem.data.__c.2704
                0x00000525       0x11 kernel/src/commands.o
 .progmem.data.__c.2710
                0x00000536        0x2 kernel/src/commands.o
 .progmem.data.__c.2766
                0x00000538       0x25 kernel/src/commands.o
 .progmem.data.__c.2764
                0x0000055d       0x27 kernel/src/commands.o
 .progmem.data.__c.2762
                0x00000584       0x2d kernel/src/commands.o
 .progmem.data.__c.2760
                0x000005b1        0xc kernel/src/commands.o
 .progmem.data.__c.2758
                0x000005bd       0x45 kernel/src/commands.o
 .progmem.data.__c.2756
                0x00000602       0x1d kernel/src/commands.o
 .progmem.data.__c.2754
                0x0000061f       0x1b kernel/src/commands.o
 .progmem.data.__c.2752
                0x0000063a       0x18 kernel/src/commands.o
 .progmem.data.__c.2750
                0x00000652       0x16 kernel/src/commands.o
 .progmem.data.__c.2748
                0x00000668       0x33 kernel/src/commands.o
 .progmem.data.__c.2746
                0x0000069b       0x16 kernel/src/commands.o
 .progmem.data.__c.2742
                0x000006b1       0x2b kernel/src/commands.o
 .progmem.data.__c.2740
                0x000006dc       0x31 kernel/src/commands.o
 .progmem.data.__c.2738
                0x0000070d       0x21 kernel/src/commands.o
 .progmem.data.__c.2736
                0x0000072e       0x1b kernel/src/commands.o
 .progmem.data.__c.2734
                0x00000749       0x56 kernel/src/commands.o
 .progmem.data.__c.2732
                0x0000079f       0x16 kernel/src/commands.o
 .progmem.data.__c.2904
                0x000007b5       0x11 kernel/src/commands.o
 .progmem.data.__c.2902
                0x000007c6       0x46 kernel/src/commands.o
 .progmem.data.__c.2900
                0x0000080c       0x46 kernel/src/commands.o
 .progmem.data.__c.2898
                0x00000852       0x46 kernel/src/commands.o
 .progmem.data.__c.2896
                0x00000898       0x46 kernel/src/commands.o
 .progmem.data.__c.2894
                0x000008de       0x46 kernel/src/commands.o
 .progmem.data.__c.2892
                0x00000924        0x2 kernel/src/commands.o
 .progmem.data.__c.2890
                0x00000926       0x1a kernel/src/commands.o
 .progmem.data.__c.2888
                0x00000940        0x2 kernel/src/commands.o
 .progmem.data.__c.2884
                0x00000942       0x23 kernel/src/commands.o
 .progmem.data.__c.2882
                0x00000965       0x40 kernel/src/commands.o
 .progmem.data.__c.2880
                0x000009a5       0x40 kernel/src/commands.o
 .progmem.data.__c.2878
                0x000009e5       0x40 kernel/src/commands.o
 .progmem.data.__c.2876
                0x00000a25       0x40 kernel/src/commands.o
 .progmem.data.__c.2874
                0x00000a65       0x41 kernel/src/commands.o
 .progmem.data.__c.2872
                0x00000aa6       0x41 kernel/src/commands.o
 .progmem.data.__c.2870
                0x00000ae7       0x43 kernel/src/commands.o
 .progmem.data.__c.2868
                0x00000b2a       0x42 kernel/src/commands.o
 .progmem.data.__c.2866
                0x00000b6c       0x43 kernel/src/commands.o
 .progmem.data.__c.2864
                0x00000baf       0x44 kernel/src/commands.o
 .progmem.data.__c.2862
                0x00000bf3       0x45 kernel/src/commands.o
 .progmem.data.__c.2860
                0x00000c38       0x48 kernel/src/commands.o
 .progmem.data.__c.2858
                0x00000c80       0x49 kernel/src/commands.o
 .progmem.data.__c.2856
                0x00000cc9       0x49 kernel/src/commands.o
 .progmem.data.__c.2854
                0x00000d12       0x4a kernel/src/commands.o
 .progmem.data.__c.2852
                0x00000d5c       0x4a kernel/src/commands.o
 .progmem.data.__c.2850
                0x00000da6       0x4b kernel/src/commands.o
 .progmem.data.__c.2848
                0x00000df1       0x4b kernel/src/commands.o
 .progmem.data.__c.2846
                0x00000e3c       0x4b kernel/src/commands.o
 .progmem.data.__c.2844
                0x00000e87       0x4a kernel/src/commands.o
 .progmem.data.__c.2842
                0x00000ed1       0x4b kernel/src/commands.o
 .progmem.data.__c.2840
                0x00000f1c       0x4a kernel/src/commands.o
 .progmem.data.__c.2838
                0x00000f66       0x49 kernel/src/commands.o
 .progmem.data.__c.2836
                0x00000faf       0x4a kernel/src/commands.o
 .progmem.data.__c.2834
                0x00000ff9       0x4b kernel/src/commands.o
 .progmem.data.__c.2832
                0x00001044       0x4c kernel/src/commands.o
 .progmem.data.__c.2830
                0x00001090       0x4d kernel/src/commands.o
 .progmem.data.__c.2828
                0x000010dd       0x4d kernel/src/commands.o
 .progmem.data.__c.2826
                0x0000112a       0x4d kernel/src/commands.o
 .progmem.data.__c.2824
                0x00001177       0x4d kernel/src/commands.o
 .progmem.data.__c.2822
                0x000011c4       0x4d kernel/src/commands.o
 .progmem.data.__c.2820
                0x00001211       0x4d kernel/src/commands.o
 .progmem.data.__c.2818
                0x0000125e       0x4e kernel/src/commands.o
 .progmem.data.__c.2816
                0x000012ac       0x34 kernel/src/commands.o
 .progmem.data.__c.2814
                0x000012e0       0x34 kernel/src/commands.o
 .progmem.data.__c.2812
                0x00001314       0x34 kernel/src/commands.o
 .progmem.data.__c.2810
                0x00001348       0x35 kernel/src/commands.o
 .progmem.data.__c.2808
                0x0000137d       0x35 kernel/src/commands.o
 .progmem.data.__c.2806
                0x000013b2       0x34 kernel/src/commands.o
 .progmem.data.__c.2804
                0x000013e6       0x34 kernel/src/commands.o
 .progmem.data.__c.2802
                0x0000141a       0x34 kernel/src/commands.o
 .progmem.data.__c.2800
                0x0000144e       0x34 kernel/src/commands.o
 .progmem.data.__c.2798
                0x00001482       0x34 kernel/src/commands.o
 .progmem.data.__c.2796
                0x000014b6       0x34 kernel/src/commands.o
 .progmem.data.__c.2794
                0x000014ea       0x38 kernel/src/commands.o
 .progmem.data.__c.2792
                0x00001522       0x38 kernel/src/commands.o
 .progmem.data.__c.2790
                0x0000155a       0x38 kernel/src/commands.o
 .progmem.data.__c.2788
                0x00001592       0x36 kernel/src/commands.o
 .progmem.data.__c.2786
                0x000015c8       0x37 kernel/src/commands.o
 .progmem.data.__c.2784
                0x000015ff       0x36 kernel/src/commands.o
 .progmem.data.__c.2782
                0x00001635       0x36 kernel/src/commands.o
 .progmem.data.__c.2780
                0x0000166b       0x35 kernel/src/commands.o
 .progmem.data.__c.2778
                0x000016a0       0x34 kernel/src/commands.o
 .progmem.data.__c.2776
                0x000016d4       0x33 kernel/src/commands.o
 .progmem.data.__c.2774
                0x00001707       0x32 kernel/src/commands.o
 .progmem.data.__c.2772
                0x00001739       0x30 kernel/src/commands.o
 .progmem.data.__c.2770
                0x00001769       0x2a kernel/src/commands.o
 .progmem.data.__c.2728
                0x00001793       0x18 kernel/src/commands.o
 .progmem.data.__c.2721
                0x000017ab       0x10 kernel/src/commands.o
 .progmem.data.__c.2715
                0x000017bb       0x12 kernel/src/commands.o
 .progmem.data.__c.2620
                0x000017cd       0x2e kernel/src/commands.o
 .progmem.data.levels
                0x000017fb        0xa kernel/src/debug.o
                0x000017fb                levels
 .progmem.data.log_levelfatal
                0x00001805        0x8 kernel/src/debug.o
                0x00001805                log_levelfatal
 .progmem.data.log_levelerr
                0x0000180d        0x8 kernel/src/debug.o
                0x0000180d                log_levelerr
 .progmem.data.log_levelwarn
                0x00001815        0x7 kernel/src/debug.o
                0x00001815                log_levelwarn
 .progmem.data.log_levelinfo
                0x0000181c        0x7 kernel/src/debug.o
                0x0000181c                log_levelinfo
 .progmem.data.log_nolevel
                0x00001823        0x1 kernel/src/debug.o
                0x00001823                log_nolevel
 .progmem.data.__c.2722
                0x00001824       0x1b kernel/src/kernel.o
 .progmem.data.__c.2720
                0x0000183f       0x24 kernel/src/kernel.o
 .progmem.data.__c.2718
                0x00001863       0x21 kernel/src/kernel.o
 .progmem.data.__c.2777
                0x00001884       0x1e kernel/src/kernel.o
 .progmem.data.__c.2775
                0x000018a2       0x1d kernel/src/kernel.o
 .progmem.data.__c.2773
                0x000018bf       0x3d kernel/src/kernel.o
 .progmem.data.__c.2771
                0x000018fc       0x3a kernel/src/kernel.o
 .progmem.data.__c.2769
                0x00001936       0x3a kernel/src/kernel.o
 .progmem.data.__c.2767
                0x00001970       0x3a kernel/src/kernel.o
 .progmem.data.__c.2765
                0x000019aa       0x3a kernel/src/kernel.o
 .progmem.data.__c.2763
                0x000019e4       0x3a kernel/src/kernel.o
 .progmem.data.__c.2761
                0x00001a1e       0x34 kernel/src/kernel.o
 .progmem.data.__c.2759
                0x00001a52       0x34 kernel/src/kernel.o
 .progmem.data.__c.2757
                0x00001a86       0x34 kernel/src/kernel.o
 .progmem.data.__c.2755
                0x00001aba       0x34 kernel/src/kernel.o
 .progmem.data.__c.2753
                0x00001aee       0x3d kernel/src/kernel.o
 .progmem.data.__c.2751
                0x00001b2b       0x1b kernel/src/kernel.o
 .progmem.data.__c.2749
                0x00001b46       0x24 kernel/src/kernel.o
 .progmem.data.__c.2747
                0x00001b6a       0x13 kernel/src/kernel.o
 .progmem.data.__c.2745
                0x00001b7d       0x2c kernel/src/kernel.o
 .progmem.data.__c.2743
                0x00001ba9       0x12 kernel/src/kernel.o
 .progmem.data.__c.2741
                0x00001bbb       0x2d kernel/src/kernel.o
 .progmem.data.__c.2739
                0x00001be8       0x12 kernel/src/kernel.o
 .progmem.data.__c.2737
                0x00001bfa       0x2d kernel/src/kernel.o
 .progmem.data.__c.2735
                0x00001c27       0x32 kernel/src/kernel.o
 .progmem.data.__c.2731
                0x00001c59       0x22 kernel/src/kernel.o
 .progmem.data.__c.2609
                0x00001c7b       0x12 main.o
                0x00001c8e                . = ALIGN (0x2)
 *fill*         0x00001c8d        0x1 
 *(.jumptables)
 *(.jumptables*)
 *(.lowtext)
 *(.lowtext*)
                0x00001c8e                __ctors_start = .
 *(.ctors)
                0x00001c8e                __ctors_end = .
                0x00001c8e                __dtors_start = .
 *(.dtors)
                0x00001c8e                __dtors_end = .
 SORT(*)(.ctors)
 SORT(*)(.dtors)
 *(.init0)
 .init0         0x00001c8e        0x0 c:/program files (x86)/atmel/studio/7.0/toolchain/avr8/avr8-gnu-toolchain/bin/../lib/gcc/avr/5.4.0/../../../../avr/lib/avr51/crtatmega128.o
                0x00001c8e                __init
 *(.init0)
 *(.init1)
 *(.init1)
 *(.init2)
 .init2         0x00001c8e        0xc c:/program files (x86)/atmel/studio/7.0/toolchain/avr8/avr8-gnu-toolchain/bin/../lib/gcc/avr/5.4.0/../../../../avr/lib/avr51/crtatmega128.o
 *(.init2)
 *(.init3)
 .init3         0x00001c9a       0x18 kernel/src/watchdog.o
                0x00001c9a                wdt_saveMCUCSR
 *(.init3)
 *(.init4)
 .init4         0x00001cb2       0x1a c:/program files (x86)/atmel/studio/7.0/toolchain/avr8/avr8-gnu-toolchain/bin/../lib/gcc/avr/5.4.0/avr51\libgcc.a(_copy_data.o)
                0x00001cb2                __do_copy_data
 .init4         0x00001ccc       0x10 c:/program files (x86)/atmel/studio/7.0/toolchain/avr8/avr8-gnu-toolchain/bin/../lib/gcc/avr/5.4.0/avr51\libgcc.a(_clear_bss.o)
                0x00001ccc                __do_clear_bss
 *(.init4)
 *(.init5)
 *(.init5)
 *(.init6)
 *(.init6)
 *(.init7)
 *(.init7)
 *(.init8)
 *(.init8)
 *(.init9)
 .init9         0x00001cdc        0x8 c:/program files (x86)/atmel/studio/7.0/toolchain/avr8/avr8-gnu-toolchain/bin/../lib/gcc/avr/5.4.0/../../../../avr/lib/avr51/crtatmega128.o
 *(.init9)
 *(.text)
 .text          0x00001ce4        0x4 c:/program files (x86)/atmel/studio/7.0/toolchain/avr8/avr8-gnu-toolchain/bin/../lib/gcc/avr/5.4.0/../../../../avr/lib/avr51/crtatmega128.o
                0x00001ce4                __vector_22
                0x00001ce4                __vector_28
                0x00001ce4                __vector_1
                0x00001ce4                __vector_32
                0x00001ce4                __vector_34
                0x00001ce4                __vector_24
                0x00001ce4                __vector_12
                0x00001ce4                __bad_interrupt
                0x00001ce4                __vector_6
                0x00001ce4                __vector_3
                0x00001ce4                __vector_23
                0x00001ce4                __vector_30
                0x00001ce4                __vector_25
                0x00001ce4                __vector_11
                0x00001ce4                __vector_13
                0x00001ce4                __vector_17
                0x00001ce4                __vector_7
                0x00001ce4                __vector_27
                0x00001ce4                __vector_5
                0x00001ce4                __vector_33
                0x00001ce4                __vector_4
                0x00001ce4                __vector_9
                0x00001ce4                __vector_2
                0x00001ce4                __vector_21
                0x00001ce4                __vector_29
                0x00001ce4                __vector_8
                0x00001ce4                __vector_26
                0x00001ce4                __vector_14
                0x00001ce4                __vector_10
                0x00001ce4                __vector_16
                0x00001ce4                __vector_20
                0x00001ce8                . = ALIGN (0x2)
 *(.text.*)
 .text.adxl345_pinSetup
                0x00001ce8       0x42 drivers/devices/sensors/adxl345/src/adxl345.o
                0x00001ce8                adxl345_pinSetup
 .text.adxl345_init
                0x00001d2a       0x5c drivers/devices/sensors/adxl345/src/adxl345.o
                0x00001d2a                adxl345_init
 .text.adxl345_readX
                0x00001d86       0x8a drivers/devices/sensors/adxl345/src/adxl345.o
                0x00001d86                adxl345_readX
 .text.adxl345_readY
                0x00001e10       0x8a drivers/devices/sensors/adxl345/src/adxl345.o
                0x00001e10                adxl345_readY
 .text.adxl345_readZ
                0x00001e9a       0x8a drivers/devices/sensors/adxl345/src/adxl345.o
                0x00001e9a                adxl345_readZ
 .text.bmp280_readRegister3
                0x00001f24       0x6a drivers/devices/sensors/bmp280/src/bmp280.o
                0x00001f24                bmp280_readRegister3
 .text.bmp280_readTemperature
                0x00001f8e      0x152 drivers/devices/sensors/bmp280/src/bmp280.o
                0x00001f8e                bmp280_readTemperature
 .text.bmp280_readPressure
                0x000020e0      0x2d6 drivers/devices/sensors/bmp280/src/bmp280.o
                0x000020e0                bmp280_readPressure
 .text.DHT_Setup
                0x000023b6       0x18 drivers/devices/sensors/dht11/src/DHT.o
                0x000023b6                DHT_Setup
 .text.DHT_ReadRaw
                0x000023ce      0x158 drivers/devices/sensors/dht11/src/DHT.o
                0x000023ce                DHT_ReadRaw
 .text.DHT_Read
                0x00002526       0xf0 drivers/devices/sensors/dht11/src/DHT.o
                0x00002526                DHT_Read
 .text.DHT_GetHumidity
                0x00002616        0xa drivers/devices/sensors/dht11/src/DHT.o
                0x00002616                DHT_GetHumidity
 .text.ds18b20_reset
                0x00002620       0x2e drivers/devices/sensors/ds18b20/src/ds18b20.o
                0x00002620                ds18b20_reset
 .text.ds18b20_writeBit
                0x0000264e       0x1c drivers/devices/sensors/ds18b20/src/ds18b20.o
                0x0000264e                ds18b20_writeBit
 .text.ds18b20_readBit
                0x0000266a       0x2a drivers/devices/sensors/ds18b20/src/ds18b20.o
                0x0000266a                ds18b20_readBit
 .text.ds18b20_readByte
                0x00002694       0x24 drivers/devices/sensors/ds18b20/src/ds18b20.o
                0x00002694                ds18b20_readByte
 .text.ds18b20_writeByte
                0x000026b8       0x1c drivers/devices/sensors/ds18b20/src/ds18b20.o
                0x000026b8                ds18b20_writeByte
 .text.ds18b20_requestTemperature
                0x000026d4       0x10 drivers/devices/sensors/ds18b20/src/ds18b20.o
                0x000026d4                ds18b20_requestTemperature
 .text.ds18b20_readTemperature
                0x000026e4       0x84 drivers/devices/sensors/ds18b20/src/ds18b20.o
                0x000026e4                ds18b20_readTemperature
 .text.spi_timerISR
                0x00002768        0x8 drivers/interfaces/src/spi.o
                0x00002768                spi_timerISR
 .text.spi_init
                0x00002770       0x10 drivers/interfaces/src/spi.o
                0x00002770                spi_init
 .text.spi_writeRegister
                0x00002780       0xaa drivers/interfaces/src/spi.o
                0x00002780                spi_writeRegister
 .text.spi_readRegister
                0x0000282a       0xd0 drivers/interfaces/src/spi.o
                0x0000282a                spi_readRegister
 .text.spi_busSetup
                0x000028fa       0x24 drivers/interfaces/src/spi.o
                0x000028fa                spi_busSetup
 .text.spi_simpleWrite
                0x0000291e       0x5a drivers/interfaces/src/spi.o
                0x0000291e                spi_simpleWrite
 .text.spi_simpleRead
                0x00002978       0x5c drivers/interfaces/src/spi.o
                0x00002978                spi_simpleRead
 .text.spi_busStop
                0x000029d4        0x6 drivers/interfaces/src/spi.o
                0x000029d4                spi_busStop
 .text.tx0_buffer_flush
                0x000029da        0xe drivers/interfaces/src/uart.o
                0x000029da                tx0_buffer_flush
 .text.__vector_19
                0x000029e8       0x92 drivers/interfaces/src/uart.o
                0x000029e8                __vector_19
 .text.tx1_buffer_flush
                0x00002a7a        0xe drivers/interfaces/src/uart.o
                0x00002a7a                tx1_buffer_flush
 .text.__vector_31
                0x00002a88       0x9c drivers/interfaces/src/uart.o
                0x00002a88                __vector_31
 .text.datetime
                0x00002b24        0x2 kernel/src/commands.o
 .text.dickbutt
                0x00002b26      0x428 kernel/src/commands.o
                0x00002b26                dickbutt
 .text.help     0x00002f4e       0x78 kernel/src/commands.o
 .text.sysinfo  0x00002fc6      0x116 kernel/src/commands.o
 .text.clear    0x000030dc       0x1c kernel/src/commands.o
 .text.reboot   0x000030f8       0x1c kernel/src/commands.o
 .text.getDS18  0x00003114       0x3e kernel/src/commands.o
                0x00003114                getDS18
 .text.getbmp280
                0x00003152       0x52 kernel/src/commands.o
                0x00003152                getbmp280
 .text.getadxl345
                0x000031a4       0x80 kernel/src/commands.o
                0x000031a4                getadxl345
 .text.kernel_clearRecvBuffer
                0x00003224       0x1c kernel/src/commands.o
 .text.kernel_processCommand
                0x00003240      0x138 kernel/src/commands.o
 .text.kernel_registerCommand
                0x00003378       0x88 kernel/src/commands.o
                0x00003378                kernel_registerCommand
 .text.kernel_parseCmdArgs
                0x00003400       0x32 kernel/src/commands.o
                0x00003400                kernel_parseCmdArgs
 .text.debug    0x00003432      0x1e8 kernel/src/commands.o
 .text.config   0x0000361a      0x214 kernel/src/commands.o
 .text.kernel_initCLI
                0x0000382e      0x160 kernel/src/commands.o
                0x0000382e                kernel_initCLI
 .text.__vector_18
                0x0000398e       0xb8 kernel/src/commands.o
                0x0000398e                __vector_18
 .text.debug_sendMessage
                0x00003a46       0x64 kernel/src/debug.o
                0x00003a46                debug_sendMessage
 .text.debug_sendMessage_p
                0x00003aaa       0x64 kernel/src/debug.o
                0x00003aaa                debug_sendMessage_p
 .text.debug_puts
                0x00003b0e       0x52 kernel/src/debug.o
                0x00003b0e                debug_puts
 .text.debug_logMessage
                0x00003b60       0x78 kernel/src/debug.o
                0x00003b60                debug_logMessage
 .text.hal_setupPins
                0x00003bd8       0x5a kernel/src/hal.o
                0x00003bd8                hal_setupPins
 .text.hal_setupTimer0
                0x00003c32       0x16 kernel/src/hal.o
                0x00003c32                hal_setupTimer0
 .text.hal_startTimer0
                0x00003c48       0x10 kernel/src/hal.o
                0x00003c48                hal_startTimer0
 .text.hal_basicUart_init
                0x00003c58       0x18 kernel/src/hal.o
                0x00003c58                hal_basicUart_init
 .text.hal_basicUart_putc
                0x00003c70        0x8 kernel/src/hal.o
                0x00003c70                hal_basicUart_putc
 .text.hal_basicUart_puts
                0x00003c78       0x12 kernel/src/hal.o
                0x00003c78                hal_basicUart_puts
 .text.hal_basicUart_enableInterruptsRX
                0x00003c8a        0x4 kernel/src/hal.o
                0x00003c8a                hal_basicUart_enableInterruptsRX
 .text.hal_basicUart_disableInterruptsRX
                0x00003c8e        0x4 kernel/src/hal.o
                0x00003c8e                hal_basicUart_disableInterruptsRX
 .text.init     0x00003c92       0x54 kernel/src/init.o
                0x00003c92                init
 .text.idle     0x00003ce6        0x4 kernel/src/kernel.o
                0x00003ce6                idle
 .text.kernel_resetTaskByPosition
                0x00003cea       0x28 kernel/src/kernel.o
 .text.kernel_setFlag
                0x00003d12       0x52 kernel/src/kernel.o
                0x00003d12                kernel_setFlag
 .text.kernel_checkFlag
                0x00003d64       0x2c kernel/src/kernel.o
                0x00003d64                kernel_checkFlag
 .text.kernel_addCall
                0x00003d90       0x58 kernel/src/kernel.o
                0x00003d90                kernel_addCall
 .text.kernel_addTask
                0x00003de8      0x102 kernel/src/kernel.o
                0x00003de8                kernel_addTask
 .text.kernel_removeCall
                0x00003eea       0x9e kernel/src/kernel.o
                0x00003eea                kernel_removeCall
 .text.kernel_removeTask
                0x00003f88       0x66 kernel/src/kernel.o
                0x00003f88                kernel_removeTask
 .text.kernel_clearCallQueue
                0x00003fee       0x62 kernel/src/kernel.o
                0x00003fee                kernel_clearCallQueue
 .text.kernel_startTimer
                0x00004050       0x18 kernel/src/kernel.o
                0x00004050                kernel_startTimer
 .text.kernel_setupTimer
                0x00004068       0x28 kernel/src/kernel.o
                0x00004068                kernel_setupTimer
 .text.kernelInit
                0x00004090      0x2a8 kernel/src/kernel.o
                0x00004090                kernelInit
 .text.kernel_checkMCUCSR
                0x00004338       0x32 kernel/src/kernel.o
                0x00004338                kernel_checkMCUCSR
 .text.__vector_15
                0x0000436a      0x18e kernel/src/kernel.o
                0x0000436a                __vector_15
 .text.kernel_setTimer
                0x000044f8       0xcc kernel/src/timers.o
                0x000044f8                kernel_setTimer
 .text.kernel_removeTimer
                0x000045c4       0xba kernel/src/timers.o
                0x000045c4                kernel_removeTimer
 .text.kernel_timerService
                0x0000467e       0x80 kernel/src/timers.o
                0x0000467e                kernel_timerService
 .text.getdht11
                0x000046fe       0x56 main.o
                0x000046fe                getdht11
 .text.startup.main
                0x00004754       0x46 main.o
                0x00004754                main
 .text.avr-libc.fplib
                0x0000479a        0xe c:/program files (x86)/atmel/studio/7.0/toolchain/avr8/avr8-gnu-toolchain/bin/../lib/gcc/avr/5.4.0/../../../../avr/lib/avr51\libm.a(addsf3.o)
                0x0000479a                __subsf3
                0x0000479c                __addsf3
 .text.avr-libc.fplib
                0x000047a8       0xcc c:/program files (x86)/atmel/studio/7.0/toolchain/avr8/avr8-gnu-toolchain/bin/../lib/gcc/avr/5.4.0/../../../../avr/lib/avr51\libm.a(addsf3x.o)
                0x000047ca                __addsf3x
 .text.avr-libc.fplib
                0x00004874        0xa c:/program files (x86)/atmel/studio/7.0/toolchain/avr8/avr8-gnu-toolchain/bin/../lib/gcc/avr/5.4.0/../../../../avr/lib/avr51\libm.a(cmpsf2.o)
                0x00004874                __nesf2
                0x00004874                __eqsf2
                0x00004874                __cmpsf2
                0x00004874                __ltsf2
                0x00004874                __lesf2
 .text.avr-libc.fplib
                0x0000487e        0x8 c:/program files (x86)/atmel/studio/7.0/toolchain/avr8/avr8-gnu-toolchain/bin/../lib/gcc/avr/5.4.0/../../../../avr/lib/avr51\libm.a(divsf3.o)
                0x0000487e                __divsf3
 .text.avr-libc.fplib
                0x00004886       0xdc c:/program files (x86)/atmel/studio/7.0/toolchain/avr8/avr8-gnu-toolchain/bin/../lib/gcc/avr/5.4.0/../../../../avr/lib/avr51\libm.a(divsf3x.o)
                0x000048a6                __divsf3x
                0x000048ac                __divsf3_pse
 .text.avr-libc.fplib
                0x00004962        0xe c:/program files (x86)/atmel/studio/7.0/toolchain/avr8/avr8-gnu-toolchain/bin/../lib/gcc/avr/5.4.0/../../../../avr/lib/avr51\libm.a(fixsfsi.o)
                0x00004962                __fixsfsi
 .text.avr-libc.fplib
                0x00004970       0x5e c:/program files (x86)/atmel/studio/7.0/toolchain/avr8/avr8-gnu-toolchain/bin/../lib/gcc/avr/5.4.0/../../../../avr/lib/avr51\libm.a(fixunssfsi.o)
                0x00004970                __fixunssfsi
 .text.avr-libc.fplib
                0x000049ce       0x7a c:/program files (x86)/atmel/studio/7.0/toolchain/avr8/avr8-gnu-toolchain/bin/../lib/gcc/avr/5.4.0/../../../../avr/lib/avr51\libm.a(floatsisf.o)
                0x000049ce                __floatunsisf
                0x000049d2                __floatsisf
 .text.avr-libc.fplib
                0x00004a48       0x48 c:/program files (x86)/atmel/studio/7.0/toolchain/avr8/avr8-gnu-toolchain/bin/../lib/gcc/avr/5.4.0/../../../../avr/lib/avr51\libm.a(fp_cmp.o)
                0x00004a48                __fp_cmp
 .text.avr-libc.fplib
                0x00004a90        0xc c:/program files (x86)/atmel/studio/7.0/toolchain/avr8/avr8-gnu-toolchain/bin/../lib/gcc/avr/5.4.0/../../../../avr/lib/avr51\libm.a(fp_inf.o)
                0x00004a90                __fp_inf
 .text.avr-libc.fplib
                0x00004a9c        0x6 c:/program files (x86)/atmel/studio/7.0/toolchain/avr8/avr8-gnu-toolchain/bin/../lib/gcc/avr/5.4.0/../../../../avr/lib/avr51\libm.a(fp_nan.o)
                0x00004a9c                __fp_nan
 .text.avr-libc.fplib
                0x00004aa2        0xe c:/program files (x86)/atmel/studio/7.0/toolchain/avr8/avr8-gnu-toolchain/bin/../lib/gcc/avr/5.4.0/../../../../avr/lib/avr51\libm.a(fp_pscA.o)
                0x00004aa2                __fp_pscA
 .text.avr-libc.fplib
                0x00004ab0        0xe c:/program files (x86)/atmel/studio/7.0/toolchain/avr8/avr8-gnu-toolchain/bin/../lib/gcc/avr/5.4.0/../../../../avr/lib/avr51\libm.a(fp_pscB.o)
                0x00004ab0                __fp_pscB
 .text.avr-libc.fplib
                0x00004abe       0x22 c:/program files (x86)/atmel/studio/7.0/toolchain/avr8/avr8-gnu-toolchain/bin/../lib/gcc/avr/5.4.0/../../../../avr/lib/avr51\libm.a(fp_round.o)
                0x00004abe                __fp_round
 .text.avr-libc.fplib
                0x00004ae0       0x44 c:/program files (x86)/atmel/studio/7.0/toolchain/avr8/avr8-gnu-toolchain/bin/../lib/gcc/avr/5.4.0/../../../../avr/lib/avr51\libm.a(fp_split3.o)
                0x00004ae0                __fp_split3
                0x00004af0                __fp_splitA
 .text.avr-libc.fplib
                0x00004b24        0xe c:/program files (x86)/atmel/studio/7.0/toolchain/avr8/avr8-gnu-toolchain/bin/../lib/gcc/avr/5.4.0/../../../../avr/lib/avr51\libm.a(fp_zero.o)
                0x00004b24                __fp_zero
                0x00004b26                __fp_szero
 .text.avr-libc.fplib
                0x00004b32        0xa c:/program files (x86)/atmel/studio/7.0/toolchain/avr8/avr8-gnu-toolchain/bin/../lib/gcc/avr/5.4.0/../../../../avr/lib/avr51\libm.a(gesf2.o)
                0x00004b32                __gesf2
                0x00004b32                __gtsf2
 .text.avr-libc.fplib
                0x00004b3c        0x8 c:/program files (x86)/atmel/studio/7.0/toolchain/avr8/avr8-gnu-toolchain/bin/../lib/gcc/avr/5.4.0/../../../../avr/lib/avr51\libm.a(mulsf3.o)
                0x00004b3c                __mulsf3
 .text.avr-libc.fplib
                0x00004b44       0xd2 c:/program files (x86)/atmel/studio/7.0/toolchain/avr8/avr8-gnu-toolchain/bin/../lib/gcc/avr/5.4.0/../../../../avr/lib/avr51\libm.a(mulsf3x.o)
                0x00004b62                __mulsf3x
                0x00004b68                __mulsf3_pse
 .text.avr-libc
                0x00004c16      0x74c c:/program files (x86)/atmel/studio/7.0/toolchain/avr8/avr8-gnu-toolchain/bin/../lib/gcc/avr/5.4.0/../../../../avr/lib/avr51\libprintf_flt.a(vfprintf_flt.o)
                0x00004c16                vfprintf
 .text.libgcc   0x00005362       0x18 c:/program files (x86)/atmel/studio/7.0/toolchain/avr8/avr8-gnu-toolchain/bin/../lib/gcc/avr/5.4.0/avr51\libgcc.a(_adddi3_s8.o)
                0x00005362                __adddi3_s8
 .text.avr-libc
                0x0000537a      0x242 c:/program files (x86)/atmel/studio/7.0/toolchain/avr8/avr8-gnu-toolchain/bin/../lib/gcc/avr/5.4.0/../../../../avr/lib/avr51\libc.a(malloc.o)
                0x0000537a                malloc
                0x000054aa                free
 .text.avr-libc
                0x000055bc      0x1b0 c:/program files (x86)/atmel/studio/7.0/toolchain/avr8/avr8-gnu-toolchain/bin/../lib/gcc/avr/5.4.0/../../../../avr/lib/avr51\libc.a(ftoa_engine.o)
                0x000055bc                __ftoa_engine
 .text.avr-libc
                0x0000576c        0xe c:/program files (x86)/atmel/studio/7.0/toolchain/avr8/avr8-gnu-toolchain/bin/../lib/gcc/avr/5.4.0/../../../../avr/lib/avr51\libc.a(strcpy_P.o)
                0x0000576c                strcpy_P
 .text.avr-libc
                0x0000577a       0x16 c:/program files (x86)/atmel/studio/7.0/toolchain/avr8/avr8-gnu-toolchain/bin/../lib/gcc/avr/5.4.0/../../../../avr/lib/avr51\libc.a(strnlen_P.o)
                0x0000577a                strnlen_P
 .text.avr-libc
                0x00005790        0x8 c:/program files (x86)/atmel/studio/7.0/toolchain/avr8/avr8-gnu-toolchain/bin/../lib/gcc/avr/5.4.0/../../../../avr/lib/avr51\libc.a(strtok.o)
                0x00005790                strtok
 .text.avr-libc
                0x00005798       0x12 c:/program files (x86)/atmel/studio/7.0/toolchain/avr8/avr8-gnu-toolchain/bin/../lib/gcc/avr/5.4.0/../../../../avr/lib/avr51\libc.a(strcmp.o)
                0x00005798                strcmp
 .text.avr-libc
                0x000057aa        0xe c:/program files (x86)/atmel/studio/7.0/toolchain/avr8/avr8-gnu-toolchain/bin/../lib/gcc/avr/5.4.0/../../../../avr/lib/avr51\libc.a(strcpy.o)
                0x000057aa                strcpy
 .text.avr-libc
                0x000057b8       0x16 c:/program files (x86)/atmel/studio/7.0/toolchain/avr8/avr8-gnu-toolchain/bin/../lib/gcc/avr/5.4.0/../../../../avr/lib/avr51\libc.a(strnlen.o)
                0x000057b8                strnlen
 .text.avr-libc
                0x000057ce       0x4e c:/program files (x86)/atmel/studio/7.0/toolchain/avr8/avr8-gnu-toolchain/bin/../lib/gcc/avr/5.4.0/../../../../avr/lib/avr51\libc.a(strtok_r.o)
                0x000057ce                strtok_r
 .text.avr-libc
                0x0000581c       0x78 c:/program files (x86)/atmel/studio/7.0/toolchain/avr8/avr8-gnu-toolchain/bin/../lib/gcc/avr/5.4.0/../../../../avr/lib/avr51\libc.a(fputc.o)
                0x0000581c                fputc
 .text.avr-libc
                0x00005894       0x5e c:/program files (x86)/atmel/studio/7.0/toolchain/avr8/avr8-gnu-toolchain/bin/../lib/gcc/avr/5.4.0/../../../../avr/lib/avr51\libc.a(sprintf.o)
                0x00005894                sprintf
 .text.avr-libc
                0x000058f2       0x44 c:/program files (x86)/atmel/studio/7.0/toolchain/avr8/avr8-gnu-toolchain/bin/../lib/gcc/avr/5.4.0/../../../../avr/lib/avr51\libc.a(sscanf.o)
                0x000058f2                sscanf
 .text.avr-libc
                0x00005936       0x52 c:/program files (x86)/atmel/studio/7.0/toolchain/avr8/avr8-gnu-toolchain/bin/../lib/gcc/avr/5.4.0/../../../../avr/lib/avr51\libc.a(vsprintf.o)
                0x00005936                vsprintf
 .text.avr-libc
                0x00005988       0x52 c:/program files (x86)/atmel/studio/7.0/toolchain/avr8/avr8-gnu-toolchain/bin/../lib/gcc/avr/5.4.0/../../../../avr/lib/avr51\libc.a(vsprintf_p.o)
                0x00005988                vsprintf_P
 .text.avr-libc
                0x000059da       0xbc c:/program files (x86)/atmel/studio/7.0/toolchain/avr8/avr8-gnu-toolchain/bin/../lib/gcc/avr/5.4.0/../../../../avr/lib/avr51\libc.a(ultoa_invert.o)
                0x000059da                __ultoa_invert
 .text.avr-libc
                0x00005a96      0x5c8 c:/program files (x86)/atmel/studio/7.0/toolchain/avr8/avr8-gnu-toolchain/bin/../lib/gcc/avr/5.4.0/../../../../avr/lib/avr51\libc.a(vfscanf_std.o)
                0x00005e14                vfscanf
 .text.avr-libc
                0x0000605e       0x12 c:/program files (x86)/atmel/studio/7.0/toolchain/avr8/avr8-gnu-toolchain/bin/../lib/gcc/avr/5.4.0/../../../../avr/lib/avr51\libc.a(isspace.o)
                0x0000605e                isspace
 .text.avr-libc
                0x00006070       0x16 c:/program files (x86)/atmel/studio/7.0/toolchain/avr8/avr8-gnu-toolchain/bin/../lib/gcc/avr/5.4.0/../../../../avr/lib/avr51\libc.a(strchr_P.o)
                0x00006070                strchr_P
 .text.avr-libc
                0x00006086       0x7c c:/program files (x86)/atmel/studio/7.0/toolchain/avr8/avr8-gnu-toolchain/bin/../lib/gcc/avr/5.4.0/../../../../avr/lib/avr51\libc.a(fgetc.o)
                0x00006086                fgetc
 .text.avr-libc
                0x00006102       0x32 c:/program files (x86)/atmel/studio/7.0/toolchain/avr8/avr8-gnu-toolchain/bin/../lib/gcc/avr/5.4.0/../../../../avr/lib/avr51\libc.a(ungetc.o)
                0x00006102                ungetc
 .text.avr-libc
                0x00006134        0x6 c:/program files (x86)/atmel/studio/7.0/toolchain/avr8/avr8-gnu-toolchain/bin/../lib/gcc/avr/5.4.0/../../../../avr/lib/avr51\libc.a(cty_isfalse.o)
                0x00006134                __ctype_isfalse
                0x00006138                __ctype_istrue
                0x0000613a                . = ALIGN (0x2)
 *(.fini9)
 .fini9         0x0000613a        0x0 c:/program files (x86)/atmel/studio/7.0/toolchain/avr8/avr8-gnu-toolchain/bin/../lib/gcc/avr/5.4.0/avr51\libgcc.a(_exit.o)
                0x0000613a                _exit
                0x0000613a                exit
 *(.fini9)
 *(.fini8)
 *(.fini8)
 *(.fini7)
 *(.fini7)
 *(.fini6)
 *(.fini6)
 *(.fini5)
 *(.fini5)
 *(.fini4)
 *(.fini4)
 *(.fini3)
 *(.fini3)
 *(.fini2)
 *(.fini2)
 *(.fini1)
 *(.fini1)
 *(.fini0)
 .fini0         0x0000613a        0x4 c:/program files (x86)/atmel/studio/7.0/toolchain/avr8/avr8-gnu-toolchain/bin/../lib/gcc/avr/5.4.0/avr51\libgcc.a(_exit.o)
 *(.fini0)
                0x0000613e                _etext = .

.data           0x00800100       0xa8 load address 0x0000613e
                0x00800100                PROVIDE (__data_start, .)
 *(.data)
 .data          0x00800100        0x6 c:/program files (x86)/atmel/studio/7.0/toolchain/avr8/avr8-gnu-toolchain/bin/../lib/gcc/avr/5.4.0/../../../../avr/lib/avr51\libc.a(malloc.o)
                0x00800100                __malloc_heap_end
                0x00800102                __malloc_heap_start
                0x00800104                __malloc_margin
 *(.data*)
 *(.gnu.linkonce.d*)
 *(.rodata)
 *(.rodata*)
 .rodata.str1.1
                0x00800106        0x8 drivers/devices/sensors/ds18b20/src/ds18b20.o
 .rodata.str1.1
                0x0080010e       0x91 kernel/src/commands.o
 .rodata.str1.1
                0x0080019f        0xf kernel/src/kernel.o
 .rodata.CSWTCH.41
                0x0080019f        0x3 kernel/src/kernel.o
 .rodata.CSWTCH.39
                0x008001a2        0x6 kernel/src/kernel.o
 *(.gnu.linkonce.r*)
                0x008001ae                . = ALIGN (0x2)
                0x008001ae                _edata = .
                0x008001ae                PROVIDE (__data_end, .)

.bss            0x008001a8      0x2f7
                0x008001a8                PROVIDE (__bss_start, .)
 *(.bss)
 .bss           0x008001a8        0x2 c:/program files (x86)/atmel/studio/7.0/toolchain/avr8/avr8-gnu-toolchain/bin/../lib/gcc/avr/5.4.0/../../../../avr/lib/avr51\libc.a(strtok.o)
 *(.bss*)
 .bss.ds_data.2617
                0x008001aa       0x10 drivers/devices/sensors/ds18b20/src/ds18b20.o
 .bss.spi_interruptFlag
                0x008001ba        0x1 drivers/interfaces/src/spi.o
 .bss.tx1_pointer
                0x008001bb        0x2 drivers/interfaces/src/uart.o
                0x008001bb                tx1_pointer
 .bss.tx1_buffer
                0x008001bd       0x80 drivers/interfaces/src/uart.o
                0x008001bd                tx1_buffer
 .bss.creg1     0x0080023d        0x1 drivers/interfaces/src/uart.o
                0x0080023d                creg1
 .bss.creg0     0x0080023e        0x1 drivers/interfaces/src/uart.o
                0x0080023e                creg0
 .bss.tx0_pointer
                0x0080023f        0x2 drivers/interfaces/src/uart.o
                0x0080023f                tx0_pointer
 .bss.tx0_buffer
                0x00800241       0x80 drivers/interfaces/src/uart.o
                0x00800241                tx0_buffer
 .bss.registeredCmds
                0x008002c1        0x1 kernel/src/commands.o
 .bss.commands  0x008002c2      0x10a kernel/src/commands.o
 .bss.recvBuffer_i
                0x008003cc        0x1 kernel/src/commands.o
 .bss.recvBuffer
                0x008003cd       0x40 kernel/src/commands.o
 .bss.kTaskQueue
                0x0080040d       0x20 kernel/src/kernel.o
 .bss.kCallQueueP2
                0x0080042d       0x14 kernel/src/kernel.o
 .bss.kCallQueueP0
                0x00800441       0x10 kernel/src/kernel.o
 .bss.kTaskIndex
                0x00800451        0x1 kernel/src/kernel.o
 .bss.kCallIndex
                0x00800452        0x3 kernel/src/kernel.o
 .bss.e_time    0x00800455        0x8 kernel/src/kernel.o
 .bss.kflags    0x0080045d        0x2 kernel/src/kernel.o
 .bss.kTimerIndex
                0x0080045f        0x1 kernel/src/timers.o
 .bss.kTimerQueue
                0x00800460       0x1e kernel/src/timers.o
 *(COMMON)
 COMMON         0x0080047e       0x1c drivers/devices/sensors/bmp280/src/bmp280.o
                0x0080047e                dig_P7
                0x00800480                dig_T1
                0x00800482                temp_calibrated
                0x00800486                dig_T2
                0x00800488                dig_P2
                0x0080048a                dig_P4
                0x0080048c                dig_P5
                0x0080048e                dig_P1
                0x00800490                dig_P3
                0x00800492                dig_P8
                0x00800494                dig_P9
                0x00800496                dig_T3
                0x00800498                dig_P6
 COMMON         0x0080049a        0x1 drivers/devices/sensors/dht11/src/DHT.o
                0x0080049a                __DHT_STATUS
 COMMON         0x0080049b        0x4 c:/program files (x86)/atmel/studio/7.0/toolchain/avr8/avr8-gnu-toolchain/bin/../lib/gcc/avr/5.4.0/../../../../avr/lib/avr51\libc.a(malloc.o)
                0x0080049b                __brkval
                0x0080049d                __flp
                0x0080049f                PROVIDE (__bss_end, .)
                0x0000613e                __data_load_start = LOADADDR (.data)
                0x000061e6                __data_load_end = (__data_load_start + SIZEOF (.data))

.noinit         0x0080049f        0x1
                [!provide]                PROVIDE (__noinit_start, .)
 *(.noinit*)
 .noinit        0x0080049f        0x1 kernel/src/watchdog.o
                0x0080049f                mcucsr_mirror
                [!provide]                PROVIDE (__noinit_end, .)
                0x008004a0                _end = .
                0x008004a0                PROVIDE (__heap_start, .)

.eeprom         0x00810000        0x0
 *(.eeprom*)
                0x00810000                __eeprom_end = .

.fuse
 *(.fuse)
 *(.lfuse)
 *(.hfuse)
 *(.efuse)

.lock
 *(.lock*)

.signature
 *(.signature*)

.user_signatures
 *(.user_signatures*)

.stab
 *(.stab)

.stabstr
 *(.stabstr)

.stab.excl
 *(.stab.excl)

.stab.exclstr
 *(.stab.exclstr)

.stab.index
 *(.stab.index)

.stab.indexstr
 *(.stab.indexstr)

.comment        0x00000000       0x5c
 *(.comment)
 .comment       0x00000000       0x30 drivers/devices/sensors/adxl345/src/adxl345.o
                                 0x31 (size before relaxing)
 .comment       0x00000030       0x31 drivers/devices/sensors/bmp280/src/bmp280.o
 .comment       0x00000030       0x31 drivers/devices/sensors/dht11/src/DHT.o
 .comment       0x00000030       0x31 drivers/devices/sensors/ds18b20/src/ds18b20.o
 .comment       0x00000030       0x31 drivers/interfaces/src/spi.o
 .comment       0x00000030       0x31 drivers/interfaces/src/uart.o
 .comment       0x00000030       0x31 kernel/src/commands.o
 .comment       0x00000030       0x31 kernel/src/debug.o
 .comment       0x00000030       0x31 kernel/src/hal.o
 .comment       0x00000030       0x31 kernel/src/init.o
 .comment       0x00000030       0x31 kernel/src/kernel.o
 .comment       0x00000030       0x31 kernel/src/timers.o
 .comment       0x00000030       0x31 kernel/src/watchdog.o
 .comment       0x00000030       0x31 main.o
 .comment       0x00000030       0x2c c:/program files (x86)/atmel/studio/7.0/toolchain/avr8/avr8-gnu-toolchain/bin/../lib/gcc/avr/5.4.0/../../../../avr/lib/avr51\libprintf_flt.a(vfprintf_flt.o)
                                 0x2d (size before relaxing)
 .comment       0x0000005c       0x31 c:/program files (x86)/atmel/studio/7.0/toolchain/avr8/avr8-gnu-toolchain/bin/../lib/gcc/avr/5.4.0/../../../../avr/lib/avr51\libc.a(malloc.o)
 .comment       0x0000005c       0x31 c:/program files (x86)/atmel/studio/7.0/toolchain/avr8/avr8-gnu-toolchain/bin/../lib/gcc/avr/5.4.0/../../../../avr/lib/avr51\libc.a(strtok.o)
 .comment       0x0000005c       0x31 c:/program files (x86)/atmel/studio/7.0/toolchain/avr8/avr8-gnu-toolchain/bin/../lib/gcc/avr/5.4.0/../../../../avr/lib/avr51\libc.a(fputc.o)
 .comment       0x0000005c       0x31 c:/program files (x86)/atmel/studio/7.0/toolchain/avr8/avr8-gnu-toolchain/bin/../lib/gcc/avr/5.4.0/../../../../avr/lib/avr51\libc.a(sprintf.o)
 .comment       0x0000005c       0x31 c:/program files (x86)/atmel/studio/7.0/toolchain/avr8/avr8-gnu-toolchain/bin/../lib/gcc/avr/5.4.0/../../../../avr/lib/avr51\libc.a(sscanf.o)
 .comment       0x0000005c       0x31 c:/program files (x86)/atmel/studio/7.0/toolchain/avr8/avr8-gnu-toolchain/bin/../lib/gcc/avr/5.4.0/../../../../avr/lib/avr51\libc.a(vsprintf.o)
 .comment       0x0000005c       0x31 c:/program files (x86)/atmel/studio/7.0/toolchain/avr8/avr8-gnu-toolchain/bin/../lib/gcc/avr/5.4.0/../../../../avr/lib/avr51\libc.a(vsprintf_p.o)
 .comment       0x0000005c       0x2d c:/program files (x86)/atmel/studio/7.0/toolchain/avr8/avr8-gnu-toolchain/bin/../lib/gcc/avr/5.4.0/../../../../avr/lib/avr51\libc.a(vfscanf_std.o)
 .comment       0x0000005c       0x31 c:/program files (x86)/atmel/studio/7.0/toolchain/avr8/avr8-gnu-toolchain/bin/../lib/gcc/avr/5.4.0/../../../../avr/lib/avr51\libc.a(fgetc.o)
 .comment       0x0000005c       0x31 c:/program files (x86)/atmel/studio/7.0/toolchain/avr8/avr8-gnu-toolchain/bin/../lib/gcc/avr/5.4.0/../../../../avr/lib/avr51\libc.a(ungetc.o)

.note.gnu.avr.deviceinfo
                0x00000000       0x3c
 .note.gnu.avr.deviceinfo
                0x00000000       0x3c c:/program files (x86)/atmel/studio/7.0/toolchain/avr8/avr8-gnu-toolchain/bin/../lib/gcc/avr/5.4.0/../../../../avr/lib/avr51/crtatmega128.o

.note.gnu.build-id
 *(.note.gnu.build-id)

.debug
 *(.debug)

.line
 *(.line)

.debug_srcinfo
 *(.debug_srcinfo)

.debug_sfnames
 *(.debug_sfnames)

.debug_aranges  0x00000000      0x578
 *(.debug_aranges)
 .debug_aranges
                0x00000000       0x48 drivers/devices/sensors/adxl345/src/adxl345.o
 .debug_aranges
                0x00000048       0x78 drivers/devices/sensors/bmp280/src/bmp280.o
 .debug_aranges
                0x000000c0       0x58 drivers/devices/sensors/dht11/src/DHT.o
 .debug_aranges
                0x00000118       0x50 drivers/devices/sensors/ds18b20/src/ds18b20.o
 .debug_aranges
                0x00000168       0x68 drivers/interfaces/src/spi.o
 .debug_aranges
                0x000001d0       0xc0 drivers/interfaces/src/uart.o
 .debug_aranges
                0x00000290       0xa0 kernel/src/commands.o
 .debug_aranges
                0x00000330       0x50 kernel/src/debug.o
 .debug_aranges
                0x00000380       0x90 kernel/src/hal.o
 .debug_aranges
                0x00000410       0x20 kernel/src/init.o
 .debug_aranges
                0x00000430       0xb0 kernel/src/kernel.o
 .debug_aranges
                0x000004e0       0x30 kernel/src/timers.o
 .debug_aranges
                0x00000510       0x28 kernel/src/watchdog.o
 .debug_aranges
                0x00000538       0x40 main.o

.debug_pubnames
 *(.debug_pubnames)

.debug_info     0x00000000     0x600f
 *(.debug_info .gnu.linkonce.wi.*)
 .debug_info    0x00000000      0x780 c:/program files (x86)/atmel/studio/7.0/toolchain/avr8/avr8-gnu-toolchain/bin/../lib/gcc/avr/5.4.0/../../../../avr/lib/avr51/crtatmega128.o
 .debug_info    0x00000780      0x74b drivers/devices/sensors/adxl345/src/adxl345.o
 .debug_info    0x00000ecb      0x88f drivers/devices/sensors/bmp280/src/bmp280.o
 .debug_info    0x0000175a      0x5fc drivers/devices/sensors/dht11/src/DHT.o
 .debug_info    0x00001d56      0x4f0 drivers/devices/sensors/ds18b20/src/ds18b20.o
 .debug_info    0x00002246      0x5ad drivers/interfaces/src/spi.o
 .debug_info    0x000027f3      0x480 drivers/interfaces/src/uart.o
 .debug_info    0x00002c73      0xe9c kernel/src/commands.o
 .debug_info    0x00003b0f      0xa36 kernel/src/debug.o
 .debug_info    0x00004545      0x457 kernel/src/hal.o
 .debug_info    0x0000499c      0x271 kernel/src/init.o
 .debug_info    0x00004c0d      0xc69 kernel/src/kernel.o
 .debug_info    0x00005876      0x23f kernel/src/timers.o
 .debug_info    0x00005ab5      0x146 kernel/src/watchdog.o
 .debug_info    0x00005bfb      0x414 main.o

.debug_abbrev   0x00000000     0x207b
 *(.debug_abbrev)
 .debug_abbrev  0x00000000      0x718 c:/program files (x86)/atmel/studio/7.0/toolchain/avr8/avr8-gnu-toolchain/bin/../lib/gcc/avr/5.4.0/../../../../avr/lib/avr51/crtatmega128.o
 .debug_abbrev  0x00000718      0x1b7 drivers/devices/sensors/adxl345/src/adxl345.o
 .debug_abbrev  0x000008cf      0x1f6 drivers/devices/sensors/bmp280/src/bmp280.o
 .debug_abbrev  0x00000ac5      0x250 drivers/devices/sensors/dht11/src/DHT.o
 .debug_abbrev  0x00000d15      0x1df drivers/devices/sensors/ds18b20/src/ds18b20.o
 .debug_abbrev  0x00000ef4      0x148 drivers/interfaces/src/spi.o
 .debug_abbrev  0x0000103c      0x173 drivers/interfaces/src/uart.o
 .debug_abbrev  0x000011af      0x300 kernel/src/commands.o
 .debug_abbrev  0x000014af      0x14c kernel/src/debug.o
 .debug_abbrev  0x000015fb      0x1ab kernel/src/hal.o
 .debug_abbrev  0x000017a6      0x12d kernel/src/init.o
 .debug_abbrev  0x000018d3      0x409 kernel/src/kernel.o
 .debug_abbrev  0x00001cdc      0x130 kernel/src/timers.o
 .debug_abbrev  0x00001e0c       0xde kernel/src/watchdog.o
 .debug_abbrev  0x00001eea      0x191 main.o

.debug_line     0x00000000     0x81eb
 *(.debug_line .debug_line.* .debug_line_end)
 .debug_line    0x00000000       0x1a c:/program files (x86)/atmel/studio/7.0/toolchain/avr8/avr8-gnu-toolchain/bin/../lib/gcc/avr/5.4.0/../../../../avr/lib/avr51/crtatmega128.o
 .debug_line    0x0000001a      0x877 drivers/devices/sensors/adxl345/src/adxl345.o
 .debug_line    0x00000891      0xa36 drivers/devices/sensors/bmp280/src/bmp280.o
 .debug_line    0x000012c7      0x51b drivers/devices/sensors/dht11/src/DHT.o
 .debug_line    0x000017e2      0x840 drivers/devices/sensors/ds18b20/src/ds18b20.o
 .debug_line    0x00002022      0x9dd drivers/interfaces/src/spi.o
 .debug_line    0x000029ff      0x969 drivers/interfaces/src/uart.o
 .debug_line    0x00003368      0xdf3 kernel/src/commands.o
 .debug_line    0x0000415b      0x8d0 kernel/src/debug.o
 .debug_line    0x00004a2b      0xaae kernel/src/hal.o
 .debug_line    0x000054d9      0x72f kernel/src/init.o
 .debug_line    0x00005c08      0xdf1 kernel/src/kernel.o
 .debug_line    0x000069f9      0x84d kernel/src/timers.o
 .debug_line    0x00007246      0x722 kernel/src/watchdog.o
 .debug_line    0x00007968      0x883 main.o

.debug_frame    0x00000000     0x1798
 *(.debug_frame)
 .debug_frame   0x00000000       0xac drivers/devices/sensors/adxl345/src/adxl345.o
 .debug_frame   0x000000ac      0x1d4 drivers/devices/sensors/bmp280/src/bmp280.o
 .debug_frame   0x00000280      0x110 drivers/devices/sensors/dht11/src/DHT.o
 .debug_frame   0x00000390       0xc4 drivers/devices/sensors/ds18b20/src/ds18b20.o
 .debug_frame   0x00000454      0x17c drivers/interfaces/src/spi.o
 .debug_frame   0x000005d0      0x1f4 drivers/interfaces/src/uart.o
 .debug_frame   0x000007c4      0x820 kernel/src/commands.o
 .debug_frame   0x00000fe4      0x158 kernel/src/debug.o
 .debug_frame   0x0000113c      0x104 kernel/src/hal.o
 .debug_frame   0x00001240       0x24 kernel/src/init.o
 .debug_frame   0x00001264      0x368 kernel/src/kernel.o
 .debug_frame   0x000015cc       0x80 kernel/src/timers.o
 .debug_frame   0x0000164c       0x34 kernel/src/watchdog.o
 .debug_frame   0x00001680      0x118 main.o

.debug_str      0x00000000     0xd5f2
 *(.debug_str)
 .debug_str     0x00000000      0x27d c:/program files (x86)/atmel/studio/7.0/toolchain/avr8/avr8-gnu-toolchain/bin/../lib/gcc/avr/5.4.0/../../../../avr/lib/avr51/crtatmega128.o
 .debug_str     0x0000027d     0xc164 drivers/devices/sensors/adxl345/src/adxl345.o
                               0xc346 (size before relaxing)
 .debug_str     0x0000c3e1      0x272 drivers/devices/sensors/bmp280/src/bmp280.o
                               0xc4b4 (size before relaxing)
 .debug_str     0x0000c653      0x1fb drivers/devices/sensors/dht11/src/DHT.o
                               0x7647 (size before relaxing)
 .debug_str     0x0000c84e       0xcc drivers/devices/sensors/ds18b20/src/ds18b20.o
                               0xc33b (size before relaxing)
 .debug_str     0x0000c91a       0xb9 drivers/interfaces/src/spi.o
                               0xc341 (size before relaxing)
 .debug_str     0x0000c9d3      0x212 drivers/interfaces/src/uart.o
                               0xc427 (size before relaxing)
 .debug_str     0x0000cbe5      0x23c kernel/src/commands.o
                               0xc538 (size before relaxing)
 .debug_str     0x0000ce21      0x2ff kernel/src/debug.o
                               0xc533 (size before relaxing)
 .debug_str     0x0000d120       0xe1 kernel/src/hal.o
                               0xc2b1 (size before relaxing)
 .debug_str     0x0000d201       0x28 kernel/src/init.o
                               0xc2cc (size before relaxing)
 .debug_str     0x0000d229      0x2e2 kernel/src/kernel.o
                               0xc5ca (size before relaxing)
 .debug_str     0x0000d50b       0x5a kernel/src/timers.o
                               0xc2dd (size before relaxing)
 .debug_str     0x0000d565       0x5b kernel/src/watchdog.o
                               0xc27d (size before relaxing)
 .debug_str     0x0000d5c0       0x32 main.o
                               0xc3af (size before relaxing)

.debug_loc      0x00000000     0x6a33
 *(.debug_loc)
 .debug_loc     0x00000000      0x50f drivers/devices/sensors/adxl345/src/adxl345.o
 .debug_loc     0x0000050f      0x81a drivers/devices/sensors/bmp280/src/bmp280.o
 .debug_loc     0x00000d29      0x707 drivers/devices/sensors/dht11/src/DHT.o
 .debug_loc     0x00001430      0x50e drivers/devices/sensors/ds18b20/src/ds18b20.o
 .debug_loc     0x0000193e      0x714 drivers/interfaces/src/spi.o
 .debug_loc     0x00002052      0x290 drivers/interfaces/src/uart.o
 .debug_loc     0x000022e2     0x1fe3 kernel/src/commands.o
 .debug_loc     0x000042c5      0xbeb kernel/src/debug.o
 .debug_loc     0x00004eb0      0x498 kernel/src/hal.o
 .debug_loc     0x00005348       0xc2 kernel/src/init.o
 .debug_loc     0x0000540a      0xf7b kernel/src/kernel.o
 .debug_loc     0x00006385      0x262 kernel/src/timers.o
 .debug_loc     0x000065e7       0x14 kernel/src/watchdog.o
 .debug_loc     0x000065fb      0x438 main.o

.debug_macinfo
 *(.debug_macinfo)

.debug_weaknames
 *(.debug_weaknames)

.debug_funcnames
 *(.debug_funcnames)

.debug_typenames
 *(.debug_typenames)

.debug_varnames
 *(.debug_varnames)

.debug_pubtypes
 *(.debug_pubtypes)

.debug_ranges   0x00000000      0x4f0
 *(.debug_ranges)
 .debug_ranges  0x00000000       0x38 drivers/devices/sensors/adxl345/src/adxl345.o
 .debug_ranges  0x00000038       0x68 drivers/devices/sensors/bmp280/src/bmp280.o
 .debug_ranges  0x000000a0       0x48 drivers/devices/sensors/dht11/src/DHT.o
 .debug_ranges  0x000000e8       0x40 drivers/devices/sensors/ds18b20/src/ds18b20.o
 .debug_ranges  0x00000128       0x58 drivers/interfaces/src/spi.o
 .debug_ranges  0x00000180       0xb0 drivers/interfaces/src/uart.o
 .debug_ranges  0x00000230       0xd0 kernel/src/commands.o
 .debug_ranges  0x00000300       0x40 kernel/src/debug.o
 .debug_ranges  0x00000340       0x80 kernel/src/hal.o
 .debug_ranges  0x000003c0       0x10 kernel/src/init.o
 .debug_ranges  0x000003d0       0xb8 kernel/src/kernel.o
 .debug_ranges  0x00000488       0x20 kernel/src/timers.o
 .debug_ranges  0x000004a8       0x18 kernel/src/watchdog.o
 .debug_ranges  0x000004c0       0x30 main.o

.debug_macro    0x00000000     0x22b9
 *(.debug_macro)
 .debug_macro   0x00000000      0x204 drivers/devices/sensors/adxl345/src/adxl345.o
 .debug_macro   0x00000204       0x10 drivers/devices/sensors/adxl345/src/adxl345.o
 .debug_macro   0x00000214       0x10 drivers/devices/sensors/adxl345/src/adxl345.o
 .debug_macro   0x00000224       0x9e drivers/devices/sensors/adxl345/src/adxl345.o
 .debug_macro   0x000002c2      0x166 drivers/devices/sensors/adxl345/src/adxl345.o
 .debug_macro   0x00000428       0x10 drivers/devices/sensors/adxl345/src/adxl345.o
 .debug_macro   0x00000438      0x20f drivers/devices/sensors/bmp280/src/bmp280.o
 .debug_macro   0x00000647      0x17b drivers/devices/sensors/bmp280/src/bmp280.o
 .debug_macro   0x000007c2       0x35 drivers/devices/sensors/bmp280/src/bmp280.o
 .debug_macro   0x000007f7       0x3a drivers/devices/sensors/bmp280/src/bmp280.o
 .debug_macro   0x00000831       0xe3 drivers/devices/sensors/dht11/src/DHT.o
 .debug_macro   0x00000914       0x1c drivers/devices/sensors/dht11/src/DHT.o
 .debug_macro   0x00000930      0x201 drivers/devices/sensors/ds18b20/src/ds18b20.o
 .debug_macro   0x00000b31       0x1c drivers/devices/sensors/ds18b20/src/ds18b20.o
 .debug_macro   0x00000b4d      0x205 drivers/interfaces/src/spi.o
 .debug_macro   0x00000d52       0x1c drivers/interfaces/src/spi.o
 .debug_macro   0x00000d6e      0x1ff drivers/interfaces/src/uart.o
 .debug_macro   0x00000f6d       0x16 drivers/interfaces/src/uart.o
 .debug_macro   0x00000f83      0x210 kernel/src/commands.o
 .debug_macro   0x00001193      0x21c kernel/src/debug.o
 .debug_macro   0x000013af       0x1c kernel/src/debug.o
 .debug_macro   0x000013cb      0x10e kernel/src/debug.o
 .debug_macro   0x000014d9       0x66 kernel/src/debug.o
 .debug_macro   0x0000153f       0x86 kernel/src/debug.o
 .debug_macro   0x000015c5      0x20a kernel/src/hal.o
 .debug_macro   0x000017cf       0x94 kernel/src/hal.o
 .debug_macro   0x00001863      0x20a kernel/src/init.o
 .debug_macro   0x00001a6d      0x20a kernel/src/kernel.o
 .debug_macro   0x00001c77      0x206 kernel/src/timers.o
 .debug_macro   0x00001e7d      0x206 kernel/src/watchdog.o
 .debug_macro   0x00002083      0x226 main.o
 .debug_macro   0x000022a9       0x10 main.o
OUTPUT(yktcansat-staging.elf elf32-avr)
LOAD linker stubs
